<?xml version="1.0" encoding="UTF-8" ?>
<testsuites name="vitest tests" tests="2" failures="0" errors="0" time="0.13377021">
    <testsuite name="test/app.test.ts" timestamp="2026-05-17T17:10:16.031Z" hostname="codespaces-4e66ab" tests="2" failures="0" errors="0" skipped="0" time="0.13377021">
        <testcase classname="test/app.test.ts" name="Fastify app &gt; GET /health returns ok status" time="0.124712688">
        </testcase>
        <testcase classname="test/app.test.ts" name="Fastify app &gt; GET / returns app message and version" time="0.005737495">
        </testcase>
    </testsuite>
</testsuites>
